Arguments: 
  /opt/homebrew/Cellar/node/18.3.0/bin/node /Users/christian/.node/corepack/yarn/1.22.15/bin/yarn.js init

PATH: 
  /usr/bin:/bin:/usr/sbin:/sbin:/Users/christian/.cargo/bin:/opt/homebrew/bin:/usr/local/bin:/Users/christian/.composer/vendor/bin:/Users/christian/.yarn/bin:/usr/local/go/bin

Yarn version: 
  1.22.15

Node version: 
  18.3.0

Platform: 
  darwin arm64

Trace: 
  Error: canceled
      at Interface.<anonymous> (/Users/christian/.node/corepack/yarn/1.22.15/lib/cli.js:137145:13)
      at Interface.emit (node:events:527:28)
      at [_ttyWrite] [as _ttyWrite] (node:internal/readline/interface:1123:18)
      at ReadStream.onkeypress (node:internal/readline/interface:272:20)
      at ReadStream.emit (node:events:527:28)
      at emitKeys (node:internal/readline/utils:358:14)
      at emitKeys.next (<anonymous>)
      at ReadStream.onData (node:internal/readline/emitKeypressEvents:64:36)
      at ReadStream.emit (node:events:527:28)
      at addChunk (node:internal/streams/readable:324:12)

npm manifest: 
  No manifest

yarn manifest: 
  No manifest

Lockfile: 
  No lockfile
